--//\\Terminal 1//\\--

researchproj@researchproj:~/Desktop$ pip --version
pip 19.0.3 from /usr/local/lib/python2.7/dist-packages/pip (python 2.7)
researchproj@researchproj:~/Desktop$ python -m pip install --upgrade pip setuptools wheel
/usr/bin/python: No module named pip
researchproj@researchproj:~/Desktop$ cd
researchproj@researchproj:~$ ls
Desktop    Downloads         get-pip.py  Pictures  Templates  zeek
Documents  examples.desktop  Music       Public    Videos
researchproj@researchproj:~$ python3 get-pip.py 
Collecting pip
  Using cached https://files.pythonhosted.org/packages/d8/f3/413bab4ff08e1fc4828dfc59996d721917df8e8583ea85385d51125dceff/pip-19.0.3-py2.py3-none-any.whl
Collecting setuptools
  Downloading https://files.pythonhosted.org/packages/d1/6a/4b2fcefd2ea0868810e92d519dacac1ddc64a2e53ba9e3422c3b62b378a6/setuptools-40.8.0-py2.py3-none-any.whl (575kB)
    100% |████████████████████████████████| 583kB 2.7MB/s 
Collecting wheel
  Downloading https://files.pythonhosted.org/packages/96/ba/a4702cbb6a3a485239fbe9525443446203f00771af9ac000fa3ef2788201/wheel-0.33.1-py2.py3-none-any.whl
launchpadlib 1.10.6 requires testresources, which is not installed.
Installing collected packages: pip, setuptools, wheel
Could not install packages due to an EnvironmentError: [Errno 13] Permission denied: '/usr/local/lib/python3.6/dist-packages/pip'
Consider using the `--user` option or check the permissions.

researchproj@researchproj:~$ sudo python -m pip install --upgrade pip setuptools wheel
[sudo] password for researchproj: 
/usr/bin/python: No module named pip
researchproj@researchproj:~$ sudo python3 -m pip install --upgrade pip setuptools wheel
/usr/bin/python3: No module named pip
researchproj@researchproj:~$ sudo pip install --upgrade pip setuptools wheel
DEPRECATION: Python 2.7 will reach the end of its life on January 1st, 2020. Please upgrade your Python as Python 2.7 won't be maintained after that date. A future version of pip will drop support for Python 2.7.
The directory '/home/researchproj/.cache/pip/http' or its parent directory is not owned by the current user and the cache has been disabled. Please check the permissions and owner of that directory. If executing pip with sudo, you may want sudo's -H flag.
The directory '/home/researchproj/.cache/pip' or its parent directory is not owned by the current user and caching wheels has been disabled. check the permissions and owner of that directory. If executing pip with sudo, you may want sudo's -H flag.
Requirement already up-to-date: pip in /usr/local/lib/python2.7/dist-packages (19.0.3)
Collecting setuptools
  Downloading https://files.pythonhosted.org/packages/d1/6a/4b2fcefd2ea0868810e92d519dacac1ddc64a2e53ba9e3422c3b62b378a6/setuptools-40.8.0-py2.py3-none-any.whl (575kB)
    100% |████████████████████████████████| 583kB 2.1MB/s 
Collecting wheel
  Downloading https://files.pythonhosted.org/packages/96/ba/a4702cbb6a3a485239fbe9525443446203f00771af9ac000fa3ef2788201/wheel-0.33.1-py2.py3-none-any.whl
Installing collected packages: setuptools, wheel
  Found existing installation: setuptools 40.7.3
    Uninstalling setuptools-40.7.3:
      Successfully uninstalled setuptools-40.7.3
  Found existing installation: wheel 0.32.3
    Uninstalling wheel-0.32.3:
      Successfully uninstalled wheel-0.32.3
Successfully installed setuptools-40.8.0 wheel-0.33.1
researchproj@researchproj:~$ python3 -m venv tutorial_env
The virtual environment was not created successfully because ensurepip is not
available.  On Debian/Ubuntu systems, you need to install the python3-venv
package using the following command.

    apt-get install python3-venv

You may need to use sudo with that command.  After installing the python3-venv
package, recreate your virtual environment.

Failing command: ['/home/researchproj/tutorial_env/bin/python3', '-Im', 'ensurepip', '--upgrade', '--default-pip']

researchproj@researchproj:~$ sudo apt-get install python3-venv
Reading package lists... Done
Building dependency tree       
Reading state information... Done
The following additional packages will be installed:
  python-pip-whl python3.6-venv
The following NEW packages will be installed:
  python-pip-whl python3-venv python3.6-venv
0 upgraded, 3 newly installed, 0 to remove and 0 not upgraded.
Need to get 1,660 kB of archives.
After this operation, 1,900 kB of additional disk space will be used.
Do you want to continue? [Y/n] y
Get:1 http://us.archive.ubuntu.com/ubuntu bionic-updates/universe amd64 python-pip-whl all 9.0.1-2.3~ubuntu1 [1,652 kB]
Get:2 http://us.archive.ubuntu.com/ubuntu bionic-updates/universe amd64 python3.6-venv amd64 3.6.7-1~18.04 [6,184 B]
Get:3 http://us.archive.ubuntu.com/ubuntu bionic-updates/universe amd64 python3-venv amd64 3.6.7-1~18.04 [1,208 B]
Fetched 1,660 kB in 2s (925 kB/s)  
Selecting previously unselected package python-pip-whl.
(Reading database ... 160414 files and directories currently installed.)
Preparing to unpack .../python-pip-whl_9.0.1-2.3~ubuntu1_all.deb ...
Unpacking python-pip-whl (9.0.1-2.3~ubuntu1) ...
Selecting previously unselected package python3.6-venv.
Preparing to unpack .../python3.6-venv_3.6.7-1~18.04_amd64.deb ...
Unpacking python3.6-venv (3.6.7-1~18.04) ...
Selecting previously unselected package python3-venv.
Preparing to unpack .../python3-venv_3.6.7-1~18.04_amd64.deb ...
Unpacking python3-venv (3.6.7-1~18.04) ...
Setting up python-pip-whl (9.0.1-2.3~ubuntu1) ...
Setting up python3.6-venv (3.6.7-1~18.04) ...
Processing triggers for man-db (2.8.3-2ubuntu0.1) ...
Setting up python3-venv (3.6.7-1~18.04) ...
researchproj@researchproj:~$ 






/////////////Open another terminal\\\\\\\\\\\\\\\\\\\\\\\\\\
/////////////Open another terminal\\\\\\\\\\\\\\\\\\\\\\\\\\
/////////////Open another terminal\\\\\\\\\\\\\\\\\\\\\\\\\\
/////////////Open another terminal\\\\\\\\\\\\\\\\\\\\\\\\\\









--\\//terminal 2 \\//---
researchproj@researchproj:~$ sudo apt-get install update
[sudo] password for researchproj: 
Reading package lists... Done
Building dependency tree       
Reading state information... Done
E: Unable to locate package update
researchproj@researchproj:~$ sudo apt-get update
Hit:1 http://us.archive.ubuntu.com/ubuntu bionic InRelease                  
Get:2 http://security.ubuntu.com/ubuntu bionic-security InRelease [88.7 kB] 
Get:3 http://us.archive.ubuntu.com/ubuntu bionic-updates InRelease [88.7 kB]        
Get:4 http://us.archive.ubuntu.com/ubuntu bionic-backports InRelease [74.6 kB]
Get:5 http://security.ubuntu.com/ubuntu bionic-security/main i386 Packages [204 kB]
Get:6 http://security.ubuntu.com/ubuntu bionic-security/main amd64 Packages [270 kB]
Get:7 http://security.ubuntu.com/ubuntu bionic-security/main Translation-en [101 kB]
Get:8 http://security.ubuntu.com/ubuntu bionic-security/universe i386 Packages [123 kB]
Get:9 http://security.ubuntu.com/ubuntu bionic-security/universe amd64 Packages [126 kB]
Get:10 http://security.ubuntu.com/ubuntu bionic-security/universe Translation-en [71.4 kB]
Fetched 1,147 kB in 6s (191 kB/s)                                                                                                                                                                          
Reading package lists... Done
researchproj@researchproj:~$ sudo apt-get upgrade
Reading package lists... Done
Building dependency tree       
Reading state information... Done
Calculating upgrade... Done
The following packages will be upgraded:
  ghostscript ghostscript-x libgs9 libgs9-common libldb1
5 upgraded, 0 newly installed, 0 to remove and 0 not upgraded.
Need to get 7,563 kB of archives.
After this operation, 0 B of additional disk space will be used.
Do you want to continue? [Y/n] y
Get:1 http://security.ubuntu.com/ubuntu bionic-security/main amd64 ghostscript-x amd64 9.26~dfsg+0-0ubuntu0.18.04.7 [42.9 kB]
Get:2 http://security.ubuntu.com/ubuntu bionic-security/main amd64 ghostscript amd64 9.26~dfsg+0-0ubuntu0.18.04.7 [51.2 kB]
Get:3 http://security.ubuntu.com/ubuntu bionic-security/main amd64 libgs9 amd64 9.26~dfsg+0-0ubuntu0.18.04.7 [2,263 kB]
Get:4 http://security.ubuntu.com/ubuntu bionic-security/main amd64 libgs9-common all 9.26~dfsg+0-0ubuntu0.18.04.7 [5,092 kB]
Get:5 http://security.ubuntu.com/ubuntu bionic-security/main amd64 libldb1 amd64 2:1.2.3-1ubuntu0.1 [114 kB]
Fetched 7,563 kB in 1s (5,415 kB/s)
(Reading database ... 160264 files and directories currently installed.)
Preparing to unpack .../ghostscript-x_9.26~dfsg+0-0ubuntu0.18.04.7_amd64.deb ...
Unpacking ghostscript-x (9.26~dfsg+0-0ubuntu0.18.04.7) over (9.26~dfsg+0-0ubuntu0.18.04.6) ...
Preparing to unpack .../ghostscript_9.26~dfsg+0-0ubuntu0.18.04.7_amd64.deb ...
Unpacking ghostscript (9.26~dfsg+0-0ubuntu0.18.04.7) over (9.26~dfsg+0-0ubuntu0.18.04.6) ...
Preparing to unpack .../libgs9_9.26~dfsg+0-0ubuntu0.18.04.7_amd64.deb ...
Unpacking libgs9:amd64 (9.26~dfsg+0-0ubuntu0.18.04.7) over (9.26~dfsg+0-0ubuntu0.18.04.6) ...
Preparing to unpack .../libgs9-common_9.26~dfsg+0-0ubuntu0.18.04.7_all.deb ...
Unpacking libgs9-common (9.26~dfsg+0-0ubuntu0.18.04.7) over (9.26~dfsg+0-0ubuntu0.18.04.6) ...
Preparing to unpack .../libldb1_2%3a1.2.3-1ubuntu0.1_amd64.deb ...
Unpacking libldb1:amd64 (2:1.2.3-1ubuntu0.1) over (2:1.2.3-1) ...
Setting up libgs9-common (9.26~dfsg+0-0ubuntu0.18.04.7) ...
Setting up libldb1:amd64 (2:1.2.3-1ubuntu0.1) ...
Processing triggers for libc-bin (2.27-3ubuntu1) ...
Processing triggers for man-db (2.8.3-2ubuntu0.1) ...
Setting up libgs9:amd64 (9.26~dfsg+0-0ubuntu0.18.04.7) ...
Setting up ghostscript (9.26~dfsg+0-0ubuntu0.18.04.7) ...
Setting up ghostscript-x (9.26~dfsg+0-0ubuntu0.18.04.7) ...
Processing triggers for libc-bin (2.27-3ubuntu1) ...

researchproj@researchproj:~$ sudo apt-get install python3 python-dev python3-dev
[sudo] password for researchproj: 
Reading package lists... Done
Building dependency tree       
Reading state information... Done
python-dev is already the newest version (2.7.15~rc1-1).
python3 is already the newest version (3.6.7-1~18.04).
The following additional packages will be installed:
  libpython3-dev libpython3.6-dev python3.6-dev
The following NEW packages will be installed:
  libpython3-dev libpython3.6-dev python3-dev python3.6-dev
0 upgraded, 4 newly installed, 0 to remove and 0 not upgraded.
Need to get 45.3 MB of archives.
After this operation, 76.6 MB of additional disk space will be used.
Do you want to continue? [Y/n] y
Get:1 http://us.archive.ubuntu.com/ubuntu bionic-updates/main amd64 libpython3.6-dev amd64 3.6.7-1~18.04 [44.8 MB]
Get:2 http://us.archive.ubuntu.com/ubuntu bionic-updates/main amd64 libpython3-dev amd64 3.6.7-1~18.04 [7,328 B]
Get:3 http://us.archive.ubuntu.com/ubuntu bionic-updates/main amd64 python3.6-dev amd64 3.6.7-1~18.04 [508 kB]
Get:4 http://us.archive.ubuntu.com/ubuntu bionic-updates/main amd64 python3-dev amd64 3.6.7-1~18.04 [1,288 B]
Fetched 45.3 MB in 48s (937 kB/s)                                                       
Selecting previously unselected package libpython3.6-dev:amd64.
(Reading database ... 160264 files and directories currently installed.)
Preparing to unpack .../libpython3.6-dev_3.6.7-1~18.04_amd64.deb ...
Unpacking libpython3.6-dev:amd64 (3.6.7-1~18.04) ...
Selecting previously unselected package libpython3-dev:amd64.
Preparing to unpack .../libpython3-dev_3.6.7-1~18.04_amd64.deb ...
Unpacking libpython3-dev:amd64 (3.6.7-1~18.04) ...
Selecting previously unselected package python3.6-dev.
Preparing to unpack .../python3.6-dev_3.6.7-1~18.04_amd64.deb ...
Unpacking python3.6-dev (3.6.7-1~18.04) ...
Selecting previously unselected package python3-dev.
Preparing to unpack .../python3-dev_3.6.7-1~18.04_amd64.deb ...
Unpacking python3-dev (3.6.7-1~18.04) ...
Setting up libpython3.6-dev:amd64 (3.6.7-1~18.04) ...
Processing triggers for man-db (2.8.3-2ubuntu0.1) ...
Setting up python3.6-dev (3.6.7-1~18.04) ...
Setting up libpython3-dev:amd64 (3.6.7-1~18.04) ...
Setting up python3-dev (3.6.7-1~18.04) ...

researchproj@researchproj:~$ pip install gmpy2
DEPRECATION: Python 2.7 will reach the end of its life on January 1st, 2020. Please upgrade your Python as Python 2.7 won't be maintained after that date. A future version of pip will drop support for Python 2.7.
Collecting gmpy2
  Using cached https://files.pythonhosted.org/packages/90/f4/9a2e384b325b69bc5827b9a6510a8fb4a51698c915c06a3f25a86458892a/gmpy2-2.0.8.zip
Building wheels for collected packages: gmpy2
  Building wheel for gmpy2 (setup.py) ... error
  Complete output from command /usr/bin/python2 -u -c "import setuptools, tokenize;__file__='/tmp/pip-install-kaH6JY/gmpy2/setup.py';f=getattr(tokenize, 'open', open)(__file__);code=f.read().replace('\r\n', '\n');f.close();exec(compile(code, __file__, 'exec'))" bdist_wheel -d /tmp/pip-wheel-ySl7J2 --python-tag cp27:
  running bdist_wheel
  running build
  running build_ext
  building 'gmpy2' extension
  creating build
  creating build/temp.linux-x86_64-2.7
  creating build/temp.linux-x86_64-2.7/src
  x86_64-linux-gnu-gcc -pthread -DNDEBUG -g -fwrapv -O2 -Wall -Wstrict-prototypes -fno-strict-aliasing -Wdate-time -D_FORTIFY_SOURCE=2 -g -fdebug-prefix-map=/build/python2.7-3hk45v/python2.7-2.7.15~rc1=. -fstack-protector-strong -Wformat -Werror=format-security -fPIC -DWITHMPFR -DWITHMPC -I/usr/include/python2.7 -c src/gmpy2.c -o build/temp.linux-x86_64-2.7/src/gmpy2.o
  In file included from src/gmpy2.c:426:0:
  src/gmpy.h:106:12: fatal error: gmp.h: No such file or directory
   #  include "gmp.h"
              ^~~~~~~
  compilation terminated.
  error: command 'x86_64-linux-gnu-gcc' failed with exit status 1
  
  ----------------------------------------
  Failed building wheel for gmpy2
  Running setup.py clean for gmpy2
Failed to build gmpy2
Installing collected packages: gmpy2
  Running setup.py install for gmpy2 ... error
    Complete output from command /usr/bin/python2 -u -c "import setuptools, tokenize;__file__='/tmp/pip-install-kaH6JY/gmpy2/setup.py';f=getattr(tokenize, 'open', open)(__file__);code=f.read().replace('\r\n', '\n');f.close();exec(compile(code, __file__, 'exec'))" install --record /tmp/pip-record-xTH8tF/install-record.txt --single-version-externally-managed --compile:
    running install
    running build
    running build_ext
    building 'gmpy2' extension
    creating build
    creating build/temp.linux-x86_64-2.7
    creating build/temp.linux-x86_64-2.7/src
    x86_64-linux-gnu-gcc -pthread -DNDEBUG -g -fwrapv -O2 -Wall -Wstrict-prototypes -fno-strict-aliasing -Wdate-time -D_FORTIFY_SOURCE=2 -g -fdebug-prefix-map=/build/python2.7-3hk45v/python2.7-2.7.15~rc1=. -fstack-protector-strong -Wformat -Werror=format-security -fPIC -DWITHMPFR -DWITHMPC -I/usr/include/python2.7 -c src/gmpy2.c -o build/temp.linux-x86_64-2.7/src/gmpy2.o
    In file included from src/gmpy2.c:426:0:
    src/gmpy.h:106:12: fatal error: gmp.h: No such file or directory
     #  include "gmp.h"
                ^~~~~~~
    compilation terminated.
    error: command 'x86_64-linux-gnu-gcc' failed with exit status 1
    
    ----------------------------------------
Command "/usr/bin/python2 -u -c "import setuptools, tokenize;__file__='/tmp/pip-install-kaH6JY/gmpy2/setup.py';f=getattr(tokenize, 'open', open)(__file__);code=f.read().replace('\r\n', '\n');f.close();exec(compile(code, __file__, 'exec'))" install --record /tmp/pip-record-xTH8tF/install-record.txt --single-version-externally-managed --compile" failed with error code 1 in /tmp/pip-install-kaH6JY/gmpy2/
researchproj@researchproj:~$ sudo apt install libmpc-dev
Reading package lists... Done
Building dependency tree       
Reading state information... Done
The following additional packages will be installed:
  libgmp-dev libgmpxx4ldbl libmpfr-dev
Suggested packages:
  gmp-doc libgmp10-doc libmpfr-doc
The following NEW packages will be installed:
  libgmp-dev libgmpxx4ldbl libmpc-dev libmpfr-dev
0 upgraded, 4 newly installed, 0 to remove and 0 not upgraded.
Need to get 625 kB of archives.
After this operation, 3,178 kB of additional disk space will be used.
Do you want to continue? [Y/n] y
Get:1 http://us.archive.ubuntu.com/ubuntu bionic/main amd64 libgmpxx4ldbl amd64 2:6.1.2+dfsg-2 [8,964 B]
Get:2 http://us.archive.ubuntu.com/ubuntu bionic/main amd64 libgmp-dev amd64 2:6.1.2+dfsg-2 [316 kB]
Get:3 http://us.archive.ubuntu.com/ubuntu bionic/main amd64 libmpfr-dev amd64 4.0.1-1 [249 kB]
Get:4 http://us.archive.ubuntu.com/ubuntu bionic/main amd64 libmpc-dev amd64 1.1.0-1 [50.5 kB]
Fetched 625 kB in 1s (654 kB/s)  
Selecting previously unselected package libgmpxx4ldbl:amd64.
(Reading database ... 160452 files and directories currently installed.)
Preparing to unpack .../libgmpxx4ldbl_2%3a6.1.2+dfsg-2_amd64.deb ...
Unpacking libgmpxx4ldbl:amd64 (2:6.1.2+dfsg-2) ...
Selecting previously unselected package libgmp-dev:amd64.
Preparing to unpack .../libgmp-dev_2%3a6.1.2+dfsg-2_amd64.deb ...
Unpacking libgmp-dev:amd64 (2:6.1.2+dfsg-2) ...
Selecting previously unselected package libmpfr-dev:amd64.
Preparing to unpack .../libmpfr-dev_4.0.1-1_amd64.deb ...
Unpacking libmpfr-dev:amd64 (4.0.1-1) ...
Selecting previously unselected package libmpc-dev:amd64.
Preparing to unpack .../libmpc-dev_1.1.0-1_amd64.deb ...
Unpacking libmpc-dev:amd64 (1.1.0-1) ...
Processing triggers for libc-bin (2.27-3ubuntu1) ...
Setting up libgmpxx4ldbl:amd64 (2:6.1.2+dfsg-2) ...
Setting up libgmp-dev:amd64 (2:6.1.2+dfsg-2) ...
Setting up libmpfr-dev:amd64 (4.0.1-1) ...
Setting up libmpc-dev:amd64 (1.1.0-1) ...
Processing triggers for libc-bin (2.27-3ubuntu1) ...
researchproj@researchproj:~$ sudo apt install python3-pip
Reading package lists... Done
Building dependency tree       
Reading state information... Done
The following additional packages will be installed:
  python3-setuptools python3-wheel
Suggested packages:
  python-setuptools-doc
The following NEW packages will be installed:
  python3-pip python3-setuptools python3-wheel
0 upgraded, 3 newly installed, 0 to remove and 0 not upgraded.
Need to get 398 kB of archives.
After this operation, 2,073 kB of additional disk space will be used.
Do you want to continue? [Y/n] y
Get:1 http://us.archive.ubuntu.com/ubuntu bionic-updates/universe amd64 python3-pip all 9.0.1-2.3~ubuntu1 [114 kB]
Get:2 http://us.archive.ubuntu.com/ubuntu bionic/main amd64 python3-setuptools all 39.0.1-2 [248 kB]
Get:3 http://us.archive.ubuntu.com/ubuntu bionic/universe amd64 python3-wheel all 0.30.0-0.2 [36.5 kB]
Fetched 398 kB in 0s (940 kB/s)     
Selecting previously unselected package python3-pip.
(Reading database ... 160493 files and directories currently installed.)
Preparing to unpack .../python3-pip_9.0.1-2.3~ubuntu1_all.deb ...
Unpacking python3-pip (9.0.1-2.3~ubuntu1) ...
Selecting previously unselected package python3-setuptools.
Preparing to unpack .../python3-setuptools_39.0.1-2_all.deb ...
Unpacking python3-setuptools (39.0.1-2) ...
Selecting previously unselected package python3-wheel.
Preparing to unpack .../python3-wheel_0.30.0-0.2_all.deb ...
Unpacking python3-wheel (0.30.0-0.2) ...
Setting up python3-wheel (0.30.0-0.2) ...
Setting up python3-pip (9.0.1-2.3~ubuntu1) ...
Processing triggers for man-db (2.8.3-2ubuntu0.1) ...
Setting up python3-setuptools (39.0.1-2) ...
researchproj@researchproj:~$ pip3 install --user gmpy2==2.1.0a2
Collecting gmpy2==2.1.0a2
  Cache entry deserialization failed, entry ignored
  Downloading https://files.pythonhosted.org/packages/d0/d0/544415a90cab71ea12baa025ed2b2f8acdb3635a11db28da4fc96387e006/gmpy2-2.1.0a2.tar.gz (236kB)
    100% |████████████████████████████████| 245kB 2.0MB/s 
Building wheels for collected packages: gmpy2
  Running setup.py bdist_wheel for gmpy2 ... done
  Stored in directory: /home/researchproj/.cache/pip/wheels/c6/dd/78/3394e0e47f68db9f1de14d3b4971201603eeb964564c1548a0
Successfully built gmpy2
Installing collected packages: gmpy2
Successfully installed gmpy2-2.1.0a2
researchproj@researchproj:~$ pip install gmpy2
DEPRECATION: Python 2.7 will reach the end of its life on January 1st, 2020. Please upgrade your Python as Python 2.7 won't be maintained after that date. A future version of pip will drop support for Python 2.7.
Collecting gmpy2
  Using cached https://files.pythonhosted.org/packages/90/f4/9a2e384b325b69bc5827b9a6510a8fb4a51698c915c06a3f25a86458892a/gmpy2-2.0.8.zip
Building wheels for collected packages: gmpy2
  Building wheel for gmpy2 (setup.py) ... done
  Stored in directory: /home/researchproj/.cache/pip/wheels/33/5a/45/b4f58933bc61064f49669220932d1d5bcc0b2a1f762f25ac0e
Successfully built gmpy2
Installing collected packages: gmpy2
Could not install packages due to an EnvironmentError: [Errno 13] Permission denied: '/usr/local/lib/python2.7/dist-packages/gmpy2.so'
Consider using the `--user` option or check the permissions.

researchproj@researchproj:~$ sudo pip install gmpy2
DEPRECATION: Python 2.7 will reach the end of its life on January 1st, 2020. Please upgrade your Python as Python 2.7 won't be maintained after that date. A future version of pip will drop support for Python 2.7.
The directory '/home/researchproj/.cache/pip/http' or its parent directory is not owned by the current user and the cache has been disabled. Please check the permissions and owner of that directory. If executing pip with sudo, you may want sudo's -H flag.
The directory '/home/researchproj/.cache/pip' or its parent directory is not owned by the current user and caching wheels has been disabled. check the permissions and owner of that directory. If executing pip with sudo, you may want sudo's -H flag.
Collecting gmpy2
Installing collected packages: gmpy2
Successfully installed gmpy2-2.0.8
researchproj@researchproj:~$ 


